// Jest Snapshot v1, https://goo.gl/fbAQLP

exports[`Expense List Item Component should render 1`] = `
<div>
  <Link
    to="/edit/1"
  >
    <h3>
      sweet gum
    </h3>
  </Link>
  <p>
    $1.95
    <span
      className="seperator"
    >
      Â»
    </span>
    Dec 31st 1969
  </p>
</div>
`;
