// Jest Snapshot v1, https://goo.gl/fbAQLP

exports[`Expense Dashboard Component should render 1`] = `
<div>
  <[object Object] />
  <[object Object] />
  <[object Object] />
</div>
`;
