// Jest Snapshot v1, https://goo.gl/fbAQLP

exports[`Login Component should render login 1`] = `
<div>
  <h2>
    Please Login
  </h2>
  <button
    onClick={[Function]}
  >
    Login
  </button>
</div>
`;
